------------------------------------------------------------
Timing Analyzer Summary
------------------------------------------------------------

Type  : Slow 1100mV 85C Model Setup 'CLOCK_500:inst|COUNTER_500[9]'
Slack : -4.343
TNS   : -81.751

Type  : Slow 1100mV 85C Model Setup 'CLOCK_50'
Slack : -4.092
TNS   : -18.005

Type  : Slow 1100mV 85C Model Setup 'AUD_BCLK'
Slack : -2.225
TNS   : -118.222

Type  : Slow 1100mV 85C Model Setup 'i2c:inst2|END'
Slack : -1.480
TNS   : -20.792

Type  : Slow 1100mV 85C Model Setup 'keytr:inst3|D1'
Slack : -1.314
TNS   : -10.079

Type  : Slow 1100mV 85C Model Hold 'i2c:inst2|END'
Slack : -0.277
TNS   : -0.730

Type  : Slow 1100mV 85C Model Hold 'CLOCK_500:inst|COUNTER_500[9]'
Slack : 0.022
TNS   : 0.000

Type  : Slow 1100mV 85C Model Hold 'AUD_BCLK'
Slack : 0.215
TNS   : 0.000

Type  : Slow 1100mV 85C Model Hold 'CLOCK_50'
Slack : 0.275
TNS   : 0.000

Type  : Slow 1100mV 85C Model Hold 'keytr:inst3|D1'
Slack : 0.605
TNS   : 0.000

Type  : Slow 1100mV 85C Model Recovery 'i2c:inst2|END'
Slack : -3.003
TNS   : -21.001

Type  : Slow 1100mV 85C Model Removal 'i2c:inst2|END'
Slack : 0.872
TNS   : 0.000

Type  : Slow 1100mV 85C Model Minimum Pulse Width 'CLOCK_50'
Slack : -0.664
TNS   : -8.325

Type  : Slow 1100mV 85C Model Minimum Pulse Width 'AUD_BCLK'
Slack : -0.394
TNS   : -60.712

Type  : Slow 1100mV 85C Model Minimum Pulse Width 'CLOCK_500:inst|COUNTER_500[9]'
Slack : -0.394
TNS   : -24.359

Type  : Slow 1100mV 85C Model Minimum Pulse Width 'i2c:inst2|END'
Slack : -0.394
TNS   : -11.459

Type  : Slow 1100mV 85C Model Minimum Pulse Width 'keytr:inst3|D1'
Slack : -0.394
TNS   : -5.028

Type  : Slow 1100mV 0C Model Setup 'CLOCK_500:inst|COUNTER_500[9]'
Slack : -4.427
TNS   : -81.688

Type  : Slow 1100mV 0C Model Setup 'CLOCK_50'
Slack : -4.003
TNS   : -17.988

Type  : Slow 1100mV 0C Model Setup 'AUD_BCLK'
Slack : -2.125
TNS   : -110.830

Type  : Slow 1100mV 0C Model Setup 'i2c:inst2|END'
Slack : -1.434
TNS   : -20.445

Type  : Slow 1100mV 0C Model Setup 'keytr:inst3|D1'
Slack : -1.333
TNS   : -10.346

Type  : Slow 1100mV 0C Model Hold 'i2c:inst2|END'
Slack : -0.194
TNS   : -0.393

Type  : Slow 1100mV 0C Model Hold 'CLOCK_50'
Slack : 0.022
TNS   : 0.000

Type  : Slow 1100mV 0C Model Hold 'CLOCK_500:inst|COUNTER_500[9]'
Slack : 0.054
TNS   : 0.000

Type  : Slow 1100mV 0C Model Hold 'AUD_BCLK'
Slack : 0.279
TNS   : 0.000

Type  : Slow 1100mV 0C Model Hold 'keytr:inst3|D1'
Slack : 0.585
TNS   : 0.000

Type  : Slow 1100mV 0C Model Recovery 'i2c:inst2|END'
Slack : -2.753
TNS   : -19.254

Type  : Slow 1100mV 0C Model Removal 'i2c:inst2|END'
Slack : 0.846
TNS   : 0.000

Type  : Slow 1100mV 0C Model Minimum Pulse Width 'CLOCK_50'
Slack : -0.670
TNS   : -7.792

Type  : Slow 1100mV 0C Model Minimum Pulse Width 'AUD_BCLK'
Slack : -0.394
TNS   : -61.424

Type  : Slow 1100mV 0C Model Minimum Pulse Width 'CLOCK_500:inst|COUNTER_500[9]'
Slack : -0.394
TNS   : -24.025

Type  : Slow 1100mV 0C Model Minimum Pulse Width 'i2c:inst2|END'
Slack : -0.394
TNS   : -10.556

Type  : Slow 1100mV 0C Model Minimum Pulse Width 'keytr:inst3|D1'
Slack : -0.394
TNS   : -5.090

Type  : Fast 1100mV 85C Model Setup 'CLOCK_50'
Slack : -3.097
TNS   : -8.235

Type  : Fast 1100mV 85C Model Setup 'CLOCK_500:inst|COUNTER_500[9]'
Slack : -2.174
TNS   : -36.469

Type  : Fast 1100mV 85C Model Setup 'AUD_BCLK'
Slack : -0.985
TNS   : -33.080

Type  : Fast 1100mV 85C Model Setup 'i2c:inst2|END'
Slack : -0.646
TNS   : -7.044

Type  : Fast 1100mV 85C Model Setup 'keytr:inst3|D1'
Slack : -0.495
TNS   : -3.186

Type  : Fast 1100mV 85C Model Hold 'i2c:inst2|END'
Slack : -0.275
TNS   : -1.449

Type  : Fast 1100mV 85C Model Hold 'CLOCK_500:inst|COUNTER_500[9]'
Slack : -0.050
TNS   : -0.050

Type  : Fast 1100mV 85C Model Hold 'AUD_BCLK'
Slack : 0.139
TNS   : 0.000

Type  : Fast 1100mV 85C Model Hold 'CLOCK_50'
Slack : 0.277
TNS   : 0.000

Type  : Fast 1100mV 85C Model Hold 'keytr:inst3|D1'
Slack : 0.317
TNS   : 0.000

Type  : Fast 1100mV 85C Model Recovery 'i2c:inst2|END'
Slack : -1.588
TNS   : -11.108

Type  : Fast 1100mV 85C Model Removal 'i2c:inst2|END'
Slack : 0.466
TNS   : 0.000

Type  : Fast 1100mV 85C Model Minimum Pulse Width 'CLOCK_50'
Slack : -0.728
TNS   : -6.409

Type  : Fast 1100mV 85C Model Minimum Pulse Width 'AUD_BCLK'
Slack : -0.533
TNS   : -62.280

Type  : Fast 1100mV 85C Model Minimum Pulse Width 'i2c:inst2|END'
Slack : -0.047
TNS   : -0.321

Type  : Fast 1100mV 85C Model Minimum Pulse Width 'CLOCK_500:inst|COUNTER_500[9]'
Slack : 0.011
TNS   : 0.000

Type  : Fast 1100mV 85C Model Minimum Pulse Width 'keytr:inst3|D1'
Slack : 0.147
TNS   : 0.000

Type  : Fast 1100mV 0C Model Setup 'CLOCK_50'
Slack : -2.648
TNS   : -6.848

Type  : Fast 1100mV 0C Model Setup 'CLOCK_500:inst|COUNTER_500[9]'
Slack : -2.044
TNS   : -32.877

Type  : Fast 1100mV 0C Model Setup 'AUD_BCLK'
Slack : -0.801
TNS   : -24.032

Type  : Fast 1100mV 0C Model Setup 'i2c:inst2|END'
Slack : -0.582
TNS   : -5.702

Type  : Fast 1100mV 0C Model Setup 'keytr:inst3|D1'
Slack : -0.426
TNS   : -2.724

Type  : Fast 1100mV 0C Model Hold 'i2c:inst2|END'
Slack : -0.225
TNS   : -1.051

Type  : Fast 1100mV 0C Model Hold 'CLOCK_500:inst|COUNTER_500[9]'
Slack : -0.039
TNS   : -0.039

Type  : Fast 1100mV 0C Model Hold 'AUD_BCLK'
Slack : 0.103
TNS   : 0.000

Type  : Fast 1100mV 0C Model Hold 'CLOCK_50'
Slack : 0.228
TNS   : 0.000

Type  : Fast 1100mV 0C Model Hold 'keytr:inst3|D1'
Slack : 0.281
TNS   : 0.000

Type  : Fast 1100mV 0C Model Recovery 'i2c:inst2|END'
Slack : -1.342
TNS   : -9.387

Type  : Fast 1100mV 0C Model Removal 'i2c:inst2|END'
Slack : 0.370
TNS   : 0.000

Type  : Fast 1100mV 0C Model Minimum Pulse Width 'CLOCK_50'
Slack : -0.745
TNS   : -7.567

Type  : Fast 1100mV 0C Model Minimum Pulse Width 'AUD_BCLK'
Slack : -0.586
TNS   : -72.432

Type  : Fast 1100mV 0C Model Minimum Pulse Width 'i2c:inst2|END'
Slack : -0.022
TNS   : -0.153

Type  : Fast 1100mV 0C Model Minimum Pulse Width 'CLOCK_500:inst|COUNTER_500[9]'
Slack : 0.037
TNS   : 0.000

Type  : Fast 1100mV 0C Model Minimum Pulse Width 'keytr:inst3|D1'
Slack : 0.145
TNS   : 0.000

------------------------------------------------------------
